
===========================================================================
report_checks -unconstrained
===========================================================================
======================= max_ss_100C_1v60 Corner ===================================

Startpoint: ui_in[7] (input port clocked by clk)
Endpoint: uo_out[6] (output port clocked by clk)
Path Group: clk
Path Type: max

Fanout         Cap        Slew       Delay        Time   Description
---------------------------------------------------------------------------------------------
                                  0.000000    0.000000   clock clk (rise edge)
                                  0.000000    0.000000   clock network delay (propagated)
                                  4.000000    4.000000 v input external delay
     3    0.010382    0.048935    0.032559    4.032559 v ui_in[7] (in)
                                                         ui_in[7] (net)
                      0.048938    0.000000    4.032559 v _082_/A (sky130_fd_sc_hd__or2_2)
     3    0.010940    0.152466    0.718565    4.751124 v _082_/X (sky130_fd_sc_hd__or2_2)
                                                         _012_ (net)
                      0.152466    0.000493    4.751617 v _084_/A (sky130_fd_sc_hd__and2_2)
     3    0.011814    0.108141    0.438129    5.189746 v _084_/X (sky130_fd_sc_hd__and2_2)
                                                         _014_ (net)
                      0.108145    0.000798    5.190543 v _139_/A (sky130_fd_sc_hd__or3_2)
     1    0.001980    0.154867    1.087218    6.277761 v _139_/X (sky130_fd_sc_hd__or3_2)
                                                         _066_ (net)
                      0.154867    0.000129    6.277890 v _140_/C (sky130_fd_sc_hd__and3_2)
     1    0.002151    0.068325    0.463385    6.741275 v _140_/X (sky130_fd_sc_hd__and3_2)
                                                         _067_ (net)
                      0.068325    0.000143    6.741418 v _144_/B (sky130_fd_sc_hd__or4_2)
     3    0.015814    0.310027    1.690838    8.432256 v _144_/X (sky130_fd_sc_hd__or4_2)
                                                         net5 (net)
                      0.310027    0.000836    8.433092 v fanout24/A (sky130_fd_sc_hd__buf_1)
    10    0.043439    0.488978    0.590559    9.023650 v fanout24/X (sky130_fd_sc_hd__buf_1)
                                                         net24 (net)
                      0.488987    0.002709    9.026360 v _165_/B (sky130_fd_sc_hd__or3b_2)
     2    0.006952    0.189599    1.235461   10.261820 v _165_/X (sky130_fd_sc_hd__or3b_2)
                                                         _005_ (net)
                      0.189599    0.000265   10.262085 v _173_/A3 (sky130_fd_sc_hd__a31o_2)
     1    0.002629    0.061560    0.488061   10.750146 v _173_/X (sky130_fd_sc_hd__a31o_2)
                                                         net12 (net)
                      0.061560    0.000190   10.750336 v output12/A (sky130_fd_sc_hd__clkbuf_1)
     1    0.004143    0.063705    0.168961   10.919297 v output12/X (sky130_fd_sc_hd__clkbuf_1)
                                                         net16 (net)
                      0.063705    0.000277   10.919574 v wire16/A (sky130_fd_sc_hd__clkbuf_4)
     1    0.034793    0.140448    0.322753   11.242327 v wire16/X (sky130_fd_sc_hd__clkbuf_4)
                                                         uo_out[6] (net)
                      0.140477    0.001986   11.244312 v uo_out[6] (out)
                                             11.244312   data arrival time

                                 20.000000   20.000000   clock clk (rise edge)
                                  0.000000   20.000000   clock network delay (propagated)
                                 -0.250000   19.750002   clock uncertainty
                                  0.000000   19.750002   clock reconvergence pessimism
                                 -4.000000   15.750001   output external delay
                                             15.750001   data required time
---------------------------------------------------------------------------------------------
                                             15.750001   data required time
                                            -11.244312   data arrival time
---------------------------------------------------------------------------------------------
                                              4.505688   slack (MET)




===========================================================================
report_checks --slack_max -0.01
============================================================================
======================= max_ss_100C_1v60 Corner ===================================

No paths found.


===========================================================================
 report_check_types -max_slew -max_cap -max_fanout -violators
============================================================================
======================= max_ss_100C_1v60 Corner ===================================

max slew

Pin                                        Limit        Slew       Slack
------------------------------------------------------------------------
_147_/A                                 0.750000    0.874442   -0.124442 (VIOLATED)
output4/A                               0.750000    0.874441   -0.124441 (VIOLATED)
_158_/A2                                0.750000    0.874439   -0.124439 (VIOLATED)
_148_/A                                 0.750000    0.874438   -0.124438 (VIOLATED)
_159_/C_N                               0.750000    0.874436   -0.124436 (VIOLATED)
_164_/A_N                               0.750000    0.874435   -0.124435 (VIOLATED)
_133_/A                                 0.750000    0.874431   -0.124431 (VIOLATED)
_154_/A                                 0.750000    0.874430   -0.124430 (VIOLATED)
_155_/A                                 0.750000    0.874430   -0.124430 (VIOLATED)
_166_/A                                 0.750000    0.874430   -0.124430 (VIOLATED)
fanout28/X                              0.750000    0.874419   -0.124419 (VIOLATED)
output5/A                               0.750000    0.842994   -0.092994 (VIOLATED)
_171_/B                                 0.750000    0.842994   -0.092994 (VIOLATED)
_146_/C                                 0.750000    0.842994   -0.092994 (VIOLATED)
_149_/A                                 0.750000    0.842991   -0.092991 (VIOLATED)
_160_/S                                 0.750000    0.842989   -0.092989 (VIOLATED)
_156_/A1                                0.750000    0.842983   -0.092983 (VIOLATED)
_163_/S                                 0.750000    0.842982   -0.092982 (VIOLATED)
_165_/B                                 0.750000    0.842980   -0.092980 (VIOLATED)
_167_/B1                                0.750000    0.842973   -0.092973 (VIOLATED)
_152_/B                                 0.750000    0.842969   -0.092969 (VIOLATED)
fanout24/X                              0.750000    0.842967   -0.092967 (VIOLATED)



===========================================================================
report_parasitic_annotation -report_unannotated
============================================================================
Found 19 unannotated drivers.
 clk
 ena
 rst_n
 uio_in[3]
 uio_in[4]
 uio_in[5]
 uio_in[6]
 uio_in[7]
 tt_um_rangfuu_alu/HI
 tt_um_rangfuu_alu_30/HI
 tt_um_rangfuu_alu_31/HI
 tt_um_rangfuu_alu_32/HI
 tt_um_rangfuu_alu_33/HI
 tt_um_rangfuu_alu_34/HI
 tt_um_rangfuu_alu_35/LO
 tt_um_rangfuu_alu_36/LO
 tt_um_rangfuu_alu_37/LO
 tt_um_rangfuu_alu_38/LO
 tt_um_rangfuu_alu_39/LO
Found 0 partially unannotated drivers.

===========================================================================
max slew violation count 22
max fanout violation count 0
max cap violation count 0
============================================================================

===========================================================================
check_setup -verbose -unconstrained_endpoints -multiple_clock -no_clock -no_input_delay -loops -generated_clocks
===========================================================================
